// Jest Snapshot v1, https://goo.gl/fbAQLP

exports[`Tests component <RegisterScreeen />  should show it correctly 1`] = `
<section>
  <h3
    className="auth__title"
  >
    Register
  </h3>
  <form
    onSubmit={[Function]}
  >
    <input
      autoComplete="off"
      className="auth__input"
      name="name"
      onChange={[Function]}
      placeholder="name"
      type="text"
      value=""
    />
    <input
      autoComplete="off"
      className="auth__input"
      name="email"
      onChange={[Function]}
      placeholder="email"
      type="email"
      value=""
    />
    <input
      className="auth__input"
      name="password"
      onChange={[Function]}
      placeholder="password"
      type="password"
      value=""
    />
    <input
      className="auth__input"
      name="password2"
      onChange={[Function]}
      placeholder="confirm password"
      type="password"
      value=""
    />
    <button
      className="btn btn__primary"
      type="submit"
    >
      Register
    </button>
    <a
      className="link"
      href="/auth/login"
      onClick={[Function]}
    >
      Already registered?
    </a>
  </form>
</section>
`;
